#+TITLE: 安装 Ubuntu 系统
#+AUTHOR: Jinghui Hu
#+EMAIL: hujinghui@buaa.edu.cn
#+DATE: <2019-08-12 Mon 10:34:35>
#+HTML_LINK_UP: ../readme.html
#+HTML_LINK_HOME: ../index.html
#+SETUPFILE: ~/.emacs.d/site-lisp/org-html-themes/setup/theme-readtheorg-local.setup
#+TAGS: startup-disk usb ubuntu


* 创建 Ubuntu 的 USB 启动盘
** 准备的原料
   首先下载需要安装的 Ubuntu 系统镜像，推荐去清华镜像源中下载
   1. =ubuntu-18.04.3-live-server-amd64.iso=, 直接去 [[https://mirrors.tuna.tsinghua.edu.cn/ubuntu-releases/18.04/][ubuntu release 18.04]] 中点击链接下载
   2. 已经安装好的 Ubuntu 操作系统

** 安装的相关命令
*** 格式化 U 盘
    为了保护好数据最好把 U 盘中的数据拷贝出来，因为待会儿会直接将 U 盘中的数据都格式
    化掉

    使用 fdisk 查看可以用的 U 盘的设备路径
    #+BEGIN_SRC shell
      ub64@volantis:~$ sudo fdisk -l
      [sudo] password for ub64:
      Disk /dev/loop0: 13 MiB, 13619200 bytes, 26600 sectors
      Units: sectors of 1 * 512 = 512 bytes
      Sector size (logical/physical): 512 bytes / 512 bytes
      I/O size (minimum/optimal): 512 bytes / 512 bytes

      Disk /dev/sda: 64 GiB, 68719476736 bytes, 134217728 sectors
      Units: sectors of 1 * 512 = 512 bytes
      Sector size (logical/physical): 512 bytes / 512 bytes
      I/O size (minimum/optimal): 512 bytes / 512 bytes
      Disklabel type: dos
      Disk identifier: 0x1c8c12bb

      Device     Boot Start       End   Sectors Size Id Type
      /dev/sda1  *     2048 134215679 134213632  64G 83 Linux


      Disk /dev/sdb: 14.4 GiB, 15502147584 bytes, 30277632 sectors
      Units: sectors of 1 * 512 = 512 bytes
      Sector size (logical/physical): 512 bytes / 512 bytes
      I/O size (minimum/optimal): 512 bytes / 512 bytes
      Disklabel type: dos
      Disk identifier: 0x663eb4c4

      Device     Boot   Start     End Sectors  Size Id Type
      /dev/sdb1  *          0 3815135 3815136  1.8G  0 Empty
      /dev/sdb2       3737268 3741939    4672  2.3M ef EFI (FAT-12/16/32)
    #+END_SRC

    这里的 U 盘是 =/dev/sdb=, 卸载 =sdb1= 和 =sdb=
    #+BEGIN_SRC shell
      ub64@volantis:~$ sudo umount /dev/sdb
      ub64@volantis:~$ sudo umount /dev/sdb1
    #+END_SRC

    =mkfs.vfat= 将 U 盘格式化成 vfat 的格式，一般的系统启动认这种类型是格式
    #+BEGIN_SRC shell
      ub64@volantis:~$ sudo mkfs.vfat /dev/sdb -I
      mkfs.fat 4.1 (2017-01-24)
      attribute "partition" not found
      ub64@volantis:~$
    #+END_SRC

*** 制作启动盘
    直接使用 dd 命令复制镜像就可以制作成功启动盘。注意，这里一定要添加
    ~status=progress~, 因为 dd 复制一般时间很长，显示进度会让你不会怀疑 dd 命令死了
    #+BEGIN_SRC shell
      ub64@volantis:~$ sudo dd if=~/Downloads/ubuntu-18.04.3-live-server-amd64.iso of=/dev/sdb status=progress
      3883520 bytes (3.9 MB, 3.7 MiB) copied, 3 s, 1.3 MB/s
    #+END_SRC

    然后等 dd 完成过后就可以愉快地启动了。

    Mac 下 dd 可以通过 pv 工具来显示复制进度
    #+BEGIN_SRC shell
      # install pv
      brew install pv
      # dd iso image
      sudo pv -cN source < ~/Downloads/ubuntu-18.04.3-desktop-amd64.iso | sudo dd of=/dev/disk2 bs=4m
    #+END_SRC

* 安装过程的坑

** 关闭 NVIDIA 驱动安装
   NVIDIA 家的驱动有点时候安装会导致系统卡死，所以需要在安装时禁用驱动的安装。


   如下图所示，在启动 grub 时，按 e 键进入编辑 grub 选项界面。添加 grub 启动参数，
   即在 =quiet splash= 后面添加如下启动选项，表示不编译模块
   #+BEGIN_SRC text
     acpi_osi=linux nomodeset
   #+END_SRC

   [[file:../static/image/2019/08/ubuntu18-disable-nvidia1.png]]

   编辑好过后，直接根据屏幕底下的提示按 F10 启动，然后正常安装就可以了

   [[file:../static/image/2019/08/ubuntu18-disable-nvidia2.png]]
